**********************
Début de la transcription Windows PowerShell
Heure de début : 20250823165114
Nom d'utilisateur : STATION_PERREK\johnd
Utilisateur runAs :  STATION_PERREK\johnd
Nom de la configuration : 
Ordinateur : STATION_PERREK (Microsoft Windows NT 10.0.26100.0)
Application hôte : C:\Windows\System32\WindowsPowerShell\v1.0\powershell.exe
ID de processus : 19028
PSVersion: 5.1.26100.4768
PSEdition: Desktop
PSCompatibleVersions: 1.0, 2.0, 3.0, 4.0, 5.0, 5.1.26100.4768
BuildVersion: 10.0.26100.4768
CLRVersion: 4.0.30319.42000
WSManStackVersion: 3.0
PSRemotingProtocolVersion: 2.3
SerializationVersion: 1.1.0.1
**********************
Transcription démarrée, le fichier de sortie est C:\Apps\Ludilearn\powershell-session.log
PS C:\Apps\Ludilearn> dir C:\Apps\Ludilearn\module-1


    Répertoire : C:\Apps\Ludilearn\module-1


Mode                 LastWriteTime         Length Name
----                 -------------         ------ ----
d-----        23.08.2025     16:04                .next
d-----        23.08.2025     16:04                node_modules
d-----        23.08.2025     16:28                prisma
-a----        21.08.2025     03:42             55 .env
-a----        21.08.2025     03:42             55 .env.example


PS C:\Apps\Ludilearn> clear
PS C:\Apps\Ludilearn> Remove-Item -Recurse -Force C:\Apps\Ludilearn\module-1
PS C:\Apps\Ludilearn> npx create-next-app@latest C:\Apps\Ludilearn\module-1 --ts --eslint --tailwind --src-dir --app --no-import-alias
npm ERR! code ENOENT
npm ERR! syscall lstat
npm ERR! path C:\Users\johnd\AppData\Roaming\npm
npm ERR! errno -4058
npm ERR! enoent ENOENT: no such file or directory, lstat 'C:\Users\johnd\AppData\Roaming\npm'
npm ERR! enoent This is related to npm not being able to find a file.
npm ERR! enoent

npm ERR! A complete log of this run can be found in: C:\Users\johnd\AppData\Local\npm-cache\_logs\2025-08-23T14_52_37_882Z-debug-0.log
PS C:\Apps\Ludilearn> ENOENT: no such file or directory, lstat 'C:\Users\johnd\AppData\Roaming\npm'
ENOENT: : Le terme «ENOENT:» n'est pas reconnu comme nom d'applet de commande, fonction, fichier de script ou programme 
exécutable. Vérifiez l'orthographe du nom, ou si un chemin d'accès existe, vérifiez que le chemin d'accès est correct 
et réessayez.
Au caractère Ligne:1 : 1
+ ENOENT: no such file or directory, lstat 'C:\Users\johnd\AppData\Roam ...
+ ~~~~~~~
    + CategoryInfo          : ObjectNotFound: (ENOENT::String) [], CommandNotFoundException
    + FullyQualifiedErrorId : CommandNotFoundException
ENOENT: : Le terme «ENOENT:» n'est pas reconnu comme nom d'applet de commande, fonction, fichier de script ou programme exécutable.
Vérifiez l'orthographe du nom, ou si un chemin d'accès existe, vérifiez que le chemin d'accès est correct et réessayez.
Au caractère Ligne:1 : 1
+ ENOENT: no such file or directory, lstat 'C:\Users\johnd\AppData\Roam ...
+ ~~~~~~~
    + CategoryInfo          : ObjectNotFound: (ENOENT::String) [], CommandNotFoundException
    + FullyQualifiedErrorId : CommandNotFoundException

PS C:\Apps\Ludilearn> mkdir C:\Users\johnd\AppData\Roaming\npm -Force


    Répertoire : C:\Users\johnd\AppData\Roaming


Mode                 LastWriteTime         Length Name
----                 -------------         ------ ----
d-----        23.08.2025     16:52                npm


PS C:\Apps\Ludilearn> mkdir C:\Users\johnd\AppData\Roaming\npm-cache -Force


    Répertoire : C:\Users\johnd\AppData\Roaming


Mode                 LastWriteTime         Length Name
----                 -------------         ------ ----
d-----        23.08.2025     16:52                npm-cache


PS C:\Apps\Ludilearn> npx create-next-app@latest C:\Apps\Ludilearn\module-1 --ts --eslint --tailwind --src-dir --app --no-import-alias

PS C:\Apps\Ludilearn> cd C:\Apps\Ludilearn\module-1
PS C:\Apps\Ludilearn\module-1> npm run build

PS C:\Apps\Ludilearn\module-1> npm run build

PS C:\Apps\Ludilearn\module-1> clear
PS C:\Apps\Ludilearn\module-1> cd C:\Apps\Ludilearn\module-1
PS C:\Apps\Ludilearn\module-1> npm run dev

> module-1@0.1.0 dev
> next dev --turbopack

 ⚠ Warning: Next.js inferred your workspace root, but it may not be correct.
 We detected multiple lockfiles and selected the directory of C:\Apps\Ludilearn\package-lock.json as the root directory.
 To silence this warning, set `turbopack.root` in your Next.js config, or consider removing one of the lockfiles if it's not needed.
   See https://nextjs.org/docs/app/api-reference/config/next-config-js/turbopack#root-directory for more information.
 Detected additional lockfiles:
   * C:\Apps\Ludilearn\module-1\package-lock.json

   ▲ Next.js 15.5.0 (Turbopack)
   - Local:        http://localhost:3000
   - Network:      http://192.168.1.221:3000

 ✓ Starting...
 ✓ Ready in 872ms
 ○ Compiling / ...
 ✓ Compiled / in 2.6s
 GET / 200 in 3134ms
 ✓ Compiled /favicon.ico in 173ms
 GET /favicon.ico?favicon.0b3bf435.ico 200 in 498ms

Terminer le programme de commandes (O/N) ? o
PS C:\Apps\Ludilearn\module-1> Erreur de terminaison () : « Le pipeline a été arrêté. »
>> Erreur de terminaison () : « Le pipeline a été arrêté. »
PS C:\Apps\Ludilearn\module-1> notepad .\src\app\page.tsx
PS C:\Apps\Ludilearn\module-1> npm run dev
 Detected additional lockfiles:
   * C:\Apps\Ludilearn\module-1\package-lock.json

   ▲ Next.js 15.5.0 (Turbopack)
   - Local:        http://localhost:3000
   - Network:      http://192.168.1.221:3000

 ✓ Starting...
 ✓ Ready in 873ms

Terminer le programme de commandes (O/N) ? o
PS C:\Apps\Ludilearn\module-1> Erreur de terminaison () : « Le pipeline a été arrêté. »
>> Erreur de terminaison () : « Le pipeline a été arrêté. »
PS C:\Apps\Ludilearn\module-1> . $PROFILE
Transcription démarrée, le fichier de sortie est C:\Apps\Ludilearn\powershell-session.log
Transcription arrêtée, le fichier de sortie est C:\Apps\Ludilearn\powershell-session.log
git.exe : error: unable to unlink old 'powershell-session.log': Invalid argument
Au caractère C:\Users\johnd\Documents\WindowsPowerShell\Microsoft.PowerShell_profile.ps1:25 : 5
+     & git switch logs *> $null
+     ~~~~~~~~~~~~~~~~~~~~~~~~~~
    + CategoryInfo          : NotSpecified: (error: unable t...nvalid argument:String) [], RemoteException
    + FullyQualifiedErrorId : NativeCommandError
Switched to branch 'logs'
Move-Item : Impossible de créer un fichier déjà existant.

Au caractère C:\Users\johnd\Documents\WindowsPowerShell\Microsoft.PowerShell_profile.ps1:29 : 5
+     Move-Item (Join-Path $global:LLRepo "pslog.tmp") $global:LLLog -F ...
+     ~~~~~~~~~~~~~~~~~~~~~~~~~~~~~~~~~~~~~~~~~~~~~~~~~~~~~~~~~~~~~~~~~
    + CategoryInfo          : WriteError: (C:\Apps\Ludilearn\powershell-session.log:FileInfo) [Move-Item], IOException
    + FullyQualifiedErrorId : MoveFileInfoItemIOError,Microsoft.PowerShell.Commands.MoveItemCommand
[logs 394c24d] chore(log): auto-push 2025-08-23T17:16:28
 1 file changed, 92 insertions(+), 400 deletions(-)
git.exe : To https://github.com/ludilearn2025/ludilearn.git
Au caractère C:\Users\johnd\Documents\WindowsPowerShell\Microsoft.PowerShell_profile.ps1:33 : 5
+     & git push *> $null
+     ~~~~~~~~~~~~~~~~~~~
    + CategoryInfo          : NotSpecified: (To https://gith...5/ludilearn.git:String) [], RemoteException
    + FullyQualifiedErrorId : NativeCommandError
   8930838..394c24d  logs -> logs
git.exe : error: Your local changes to the following files would be overwritten by checkout:
Au caractère C:\Users\johnd\Documents\WindowsPowerShell\Microsoft.PowerShell_profile.ps1:35 : 50
+ ... anch -and $curBranch -ne "logs") { & git switch $curBranch *> $null }
+                                        ~~~~~~~~~~~~~~~~~~~~~~~~~~~~~~~~
    + CategoryInfo          : NotSpecified: (error: Your loc...en by checkout::String) [], RemoteException
    + FullyQualifiedErrorId : NativeCommandError
	powershell-session.log
Please commit your changes or stash them before you switch branches.
Aborting
Transcription démarrée, le fichier de sortie est C:\Apps\Ludilearn\powershell-session.log
PS C:\Apps\Ludilearn\module-1>
Transcription arrêtée, le fichier de sortie est C:\Apps\Ludilearn\powershell-session.log
git.exe : Already on 'logs'
Au caractère C:\Users\johnd\Documents\WindowsPowerShell\Microsoft.PowerShell_profile.ps1:25 : 5
+     & git switch logs *> $null
+     ~~~~~~~~~~~~~~~~~~~~~~~~~~
    + CategoryInfo          : NotSpecified: (Already on 'logs':String) [], RemoteException
    + FullyQualifiedErrorId : NativeCommandError
Move-Item : Impossible de créer un fichier déjà existant.

Au caractère C:\Users\johnd\Documents\WindowsPowerShell\Microsoft.PowerShell_profile.ps1:29 : 5
+     Move-Item (Join-Path $global:LLRepo "pslog.tmp") $global:LLLog -F ...
+     ~~~~~~~~~~~~~~~~~~~~~~~~~~~~~~~~~~~~~~~~~~~~~~~~~~~~~~~~~~~~~~~~~
    + CategoryInfo          : WriteError: (C:\Apps\Ludilearn\powershell-session.log:FileInfo) [Move-Item], IOException
    + FullyQualifiedErrorId : MoveFileInfoItemIOError,Microsoft.PowerShell.Commands.MoveItemCommand
[logs c418afa] chore(log): auto-push 2025-08-23T17:16:42
 1 file changed, 34 insertions(+)
git.exe : To https://github.com/ludilearn2025/ludilearn.git
Au caractère C:\Users\johnd\Documents\WindowsPowerShell\Microsoft.PowerShell_profile.ps1:33 : 5
+     & git push *> $null
+     ~~~~~~~~~~~~~~~~~~~
    + CategoryInfo          : NotSpecified: (To https://gith...5/ludilearn.git:String) [], RemoteException
    + FullyQualifiedErrorId : NativeCommandError
   394c24d..c418afa  logs -> logs
Transcription démarrée, le fichier de sortie est C:\Apps\Ludilearn\powershell-session.log
PS C:\Apps\Ludilearn\module-1>
PS C:\Apps\Ludilearn\module-1>
PS C:\Apps\Ludilearn\module-1> . $PROFILE
Transcription démarrée, le fichier de sortie est C:\Apps\Ludilearn\powershell-session.log
Transcription arrêtée, le fichier de sortie est C:\Apps\Ludilearn\powershell-session.log
git.exe : Already on 'logs'
Au caractère C:\Users\johnd\Documents\WindowsPowerShell\Microsoft.PowerShell_profile.ps1:25 : 5
+     & git switch logs *> $null
+     ~~~~~~~~~~~~~~~~~~~~~~~~~~
    + CategoryInfo          : NotSpecified: (Already on 'logs':String) [], RemoteException
    + FullyQualifiedErrorId : NativeCommandError
